../Core/Src/stm32f4xx_it.c:75:6:NMI_Handler	4	static
../Core/Src/stm32f4xx_it.c:90:6:HardFault_Handler	4	static
../Core/Src/stm32f4xx_it.c:105:6:MemManage_Handler	4	static
../Core/Src/stm32f4xx_it.c:120:6:BusFault_Handler	4	static
../Core/Src/stm32f4xx_it.c:135:6:UsageFault_Handler	4	static
../Core/Src/stm32f4xx_it.c:150:6:SVC_Handler	4	static
../Core/Src/stm32f4xx_it.c:163:6:DebugMon_Handler	4	static
../Core/Src/stm32f4xx_it.c:176:6:PendSV_Handler	4	static
../Core/Src/stm32f4xx_it.c:189:6:SysTick_Handler	8	static
../Core/Src/stm32f4xx_it.c:233:6:EXTI0_IRQHandler	8	static
../Core/Src/stm32f4xx_it.c:247:6:EXTI1_IRQHandler	8	static
../Core/Src/stm32f4xx_it.c:261:6:CAN1_TX_IRQHandler	8	static
../Core/Src/stm32f4xx_it.c:275:6:CAN1_RX0_IRQHandler	8	static
../Core/Src/stm32f4xx_it.c:289:6:CAN1_RX1_IRQHandler	8	static
../Core/Src/stm32f4xx_it.c:303:6:CAN1_SCE_IRQHandler	8	static
../Core/Src/stm32f4xx_it.c:317:6:TIM3_IRQHandler	8	static
../Core/Src/stm32f4xx_it.c:331:6:TIM8_BRK_TIM12_IRQHandler	8	static
../Core/Src/stm32f4xx_it.c:345:6:TIM8_TRG_COM_TIM14_IRQHandler	8	static
