../Core/Src/stm32f4xx_it.c:76:6:NMI_Handler	4	static
../Core/Src/stm32f4xx_it.c:91:6:HardFault_Handler	4	static
../Core/Src/stm32f4xx_it.c:106:6:MemManage_Handler	4	static
../Core/Src/stm32f4xx_it.c:121:6:BusFault_Handler	4	static
../Core/Src/stm32f4xx_it.c:136:6:UsageFault_Handler	4	static
../Core/Src/stm32f4xx_it.c:151:6:SVC_Handler	4	static
../Core/Src/stm32f4xx_it.c:164:6:DebugMon_Handler	4	static
../Core/Src/stm32f4xx_it.c:177:6:PendSV_Handler	4	static
../Core/Src/stm32f4xx_it.c:190:6:SysTick_Handler	8	static
../Core/Src/stm32f4xx_it.c:234:6:EXTI0_IRQHandler	8	static
../Core/Src/stm32f4xx_it.c:248:6:EXTI1_IRQHandler	8	static
../Core/Src/stm32f4xx_it.c:262:6:CAN1_TX_IRQHandler	8	static
../Core/Src/stm32f4xx_it.c:276:6:CAN1_RX0_IRQHandler	8	static
../Core/Src/stm32f4xx_it.c:290:6:CAN1_RX1_IRQHandler	8	static
../Core/Src/stm32f4xx_it.c:304:6:CAN1_SCE_IRQHandler	8	static
../Core/Src/stm32f4xx_it.c:318:6:TIM3_IRQHandler	8	static
../Core/Src/stm32f4xx_it.c:332:6:TIM8_BRK_TIM12_IRQHandler	8	static
../Core/Src/stm32f4xx_it.c:346:6:TIM8_TRG_COM_TIM14_IRQHandler	8	static
../Core/Src/stm32f4xx_it.c:360:6:TIM7_IRQHandler	8	static
