../Core/Src/tim.c:34:6:MX_TIM3_Init	64	static
../Core/Src/tim.c:92:6:MX_TIM7_Init	16	static
../Core/Src/tim.c:125:6:MX_TIM12_Init	56	static
../Core/Src/tim.c:172:6:MX_TIM14_Init	40	static
../Core/Src/tim.c:213:6:HAL_TIM_Base_MspInit	32	static
../Core/Src/tim.c:277:6:HAL_TIM_MspPostInit	48	static
../Core/Src/tim.c:347:6:HAL_TIM_Base_MspDeInit	16	static
../Core/Src/tim.c:409:6:Motor_init	8	static
../Core/Src/tim.c:432:6:Set_Motor1	16	static
../Core/Src/tim.c:454:6:Set_Motor2	16	static
../Core/Src/tim.c:476:6:Set_Motor3	16	static
../Core/Src/tim.c:498:6:Set_drill	16	static
