../Core/Src/tim.c:33:6:MX_TIM3_Init	64	static
../Core/Src/tim.c:91:6:MX_TIM7_Init	16	static
../Core/Src/tim.c:124:6:MX_TIM12_Init	56	static
../Core/Src/tim.c:171:6:MX_TIM14_Init	40	static
../Core/Src/tim.c:212:6:HAL_TIM_Base_MspInit	32	static
../Core/Src/tim.c:276:6:HAL_TIM_MspPostInit	48	static
../Core/Src/tim.c:346:6:HAL_TIM_Base_MspDeInit	16	static
../Core/Src/tim.c:408:6:Motor_init	8	static
../Core/Src/tim.c:431:6:Set_Motor1	16	static
../Core/Src/tim.c:453:6:Set_Motor2	16	static
../Core/Src/tim.c:475:6:Set_Motor3	16	static
../Core/Src/tim.c:497:6:Set_drill	16	static
